swf_gui  2026-06-22T17:58:25.211238
Mock:     /usr/bin/python3 /home/simukka/src/RED/r1mx/firmware/tools/mock_camera_server.py --port 49152 --http-port 8000 --assets-dir /home/simukka/src/RED/r1mx/firmware/reverse/build_32/assets
Ruffle:   libraries/ruffle http://127.0.0.1:8000/swf_gui_1.swf --base http://127.0.0.1:8000/ --filesystem-access-mode allow --tcp-connections allow
Base URL: http://127.0.0.1:8000/
RUST_LOG: warn
──────────────────────────────────────────────────────────────────
[17:58:25.212][swf_gui] Waiting for mock server (PID 10746)...
[17:58:25.299][MOCK  ] Loading parameters from firmware/tools/factory_defaults.xml...
[17:58:25.303][MOCK  ]   Loaded 893 parameters.
[17:58:25.303][MOCK  ]   Splash:  Original RED ONE
[17:58:25.303][MOCK  ]   Version: 32.0.3#1
[17:58:25.303][MOCK  ]   Serial:  RED ONE 00000000000001234567890
[17:58:25.304][MOCK  ] HTTP assets: http://127.0.0.1:8000/  (serving /home/simukka/src/RED/r1mx/firmware/reverse/build_32/assets)
[17:58:25.304][MOCK  ] 
[17:58:25.304][MOCK  ] Listening on 0.0.0.0:49152
[17:58:25.306][swf_gui] Ruffle PID=10748 — enter IP 127.0.0.1, click Camera
[17:58:25.306][swf_gui] Button commands go to the mock server stdin (type here)
[17:58:25.306][MOCK  ] Run Ruffle (file, recommended):
[17:58:25.306][MOCK  ]   libraries/ruffle firmware/reverse/build_32/assets/swf_gui_1.swf --base 'file:///home/simukka/src/RED/r1mx/firmware/reverse/build_32/assets/' --filesystem-access-mode allow --tcp-connections allow
[17:58:25.306][MOCK  ] Run Ruffle (HTTP alternative):
[17:58:25.306][MOCK  ]   libraries/ruffle 'http://127.0.0.1:8000/swf_gui_1.swf' --base 'http://127.0.0.1:8000/' --tcp-connections allow
[17:58:25.306][MOCK  ] Enter IP:    127  .  0  .  0  .  1  then click Camera
[17:58:25.308][MOCK  ] Exception in callback _UnixReadPipeTransport._add_reader()
[17:58:25.308][MOCK  ] handle: <Handle _UnixReadPipeTransport._add_reader()>
[17:58:25.308][MOCK  ] Traceback (most recent call last):
[17:58:25.308][MOCK  ]   File "/usr/lib/python3.13/asyncio/events.py", line 89, in _run
[17:58:25.308][MOCK  ]     self._context.run(self._callback, *self._args)
[17:58:25.308][MOCK  ]     ~~~~~~~~~~~~~~~~~^^^^^^^^^^^^^^^^^^^^^^^^^^^^^
[17:58:25.308][MOCK  ]   File "/usr/lib/python3.13/asyncio/unix_events.py", line 532, in _add_reader
[17:58:25.308][MOCK  ]     self._loop._add_reader(fd, callback)
[17:58:25.308][MOCK  ]     ~~~~~~~~~~~~~~~~~~~~~~^^^^^^^^^^^^^^
[17:58:25.308][MOCK  ]   File "/usr/lib/python3.13/asyncio/selector_events.py", line 279, in _add_reader
[17:58:25.308][MOCK  ]     self._selector.register(fd, selectors.EVENT_READ,
[17:58:25.308][MOCK  ]     ~~~~~~~~~~~~~~~~~~~~~~~^^^^^^^^^^^^^^^^^^^^^^^^^^
[17:58:25.308][MOCK  ]                             (handle, None))
[17:58:25.308][MOCK  ]                             ^^^^^^^^^^^^^^^
[17:58:25.308][MOCK  ]   File "/usr/lib/python3.13/selectors.py", line 345, in register
[17:58:25.308][MOCK  ]     self._selector.register(key.fd, poller_events)
[17:58:25.308][MOCK  ]     ~~~~~~~~~~~~~~~~~~~~~~~^^^^^^^^^^^^^^^^^^^^^^^
[17:58:25.308][MOCK  ] PermissionError: [Errno 1] Operation not permitted
[17:58:25.308][MOCK  ] Button injection ready. Type 'help' for available commands.
[17:58:25.687][MOCK  ] 127.0.0.1 - - [22/Jun/2026 17:58:25] "GET /swf_gui_1.swf HTTP/1.1" 200 -
[17:58:43.324][swf_gui] --timeout 18s elapsed
[17:58:43.355][swf_gui] Ruffle stopped
[17:58:43.359][swf_gui] mock stopped

[17:58:43.359][swf_gui] ── Session summary ──
  ✗ AUTH OK — admin session
  ✗ AUTH OK — user session
  ✗ AUTH FAILED — wrong password
  ✗ BOOT COMPLETE — GoSplash / GoCamera about to run
  ✗ GOREADY FIRED — panels.xml parsed, splash clearing
  ✗ INIT GUI STATE
  ✗ FULLY READY — button injection enabled

[17:58:43.359][swf_gui] Log: /home/simukka/src/RED/r1mx/firmware/tools/swf_gui.log
